// Jest Snapshot v1, https://goo.gl/fbAQLP

exports[`components Loader should render the loader correctly 1`] = `
<div>
  <div
    class="d-flex flex-column justify-content-center align-items-center w-100 h-100"
  >
    <div
      class="spinner-box"
    >
      <div
        class="configure-border-1"
      >
        <span
          class="configure-core"
        />
      </div>
      <div
        class="configure-border-2"
      >
        <span
          class="configure-core"
        />
      </div>
    </div>
    <div
      class="text waviy mt-5"
    >
      <span>
        L
      </span>
      <span>
        O
      </span>
      <span>
        A
      </span>
      <span>
        D
      </span>
      <span>
        I
      </span>
      <span>
        N
      </span>
      <span>
        G
      </span>
    </div>
  </div>
</div>
`;

exports[`components Overlay should render the overlay correctly 1`] = `
<div>
  <div
    class="position-absolute top-0 start-0 z-1 w-100 h-100 d-flex justify-content-center align-items-center"
  >
    <span
      class="overlay z-n1"
    />
    <button
      aria-label="close"
      class="button shadow-none btn-close btn-close-white position-absolute top-0 end-0 p-3"
      type="button"
    />
  </div>
</div>
`;

exports[`hocs Global should render the global hoc correctly 1`] = `
<div>
  <div
    class="Toastify"
  />
  Test
</div>
`;

exports[`pages should render the 404 page correctly 1`] = `
<div>
  <div
    class="wrapper w-100 h-100 d-flex"
  >
    <div
      class="square404"
      id="Square"
    >
      <span
        class="square flicker-1"
      >
        <p>
          404
        </p>
      </span>
    </div>
    <div
      class="texts d-flex flex-column justify-content-center"
    >
      <h4
        class="fs-4"
      >
        Oops! Page not found.
      </h4>
      <p
        class="pt-3 pb-5"
      >
        The page you are looking for does not exist. Go back to the main page.
      </p>
      <a
        class="button"
        href="/"
      >
        Back to Home
      </a>
    </div>
  </div>
</div>
`;
